  console.log
    [Parser] Raw text length: 200, Lines: 6

      at parseTimestampedLyrics (src/utils/timestampParser.ts:50:11)

  console.log
    [Parser] First line: "[00:10.94]I heard you calling"

      at parseTimestampedLyrics (src/utils/timestampParser.ts:52:15)

  console.log
    [Parser] Raw text length: 39, Lines: 2

      at parseTimestampedLyrics (src/utils/timestampParser.ts:50:11)

  console.log
    [Parser] First line: "[00:10.00]Line 1"

      at parseTimestampedLyrics (src/utils/timestampParser.ts:52:15)

node.exe : FAIL test/parser.test.ts
At C:\Program Files\nodejs\npx.ps1:29 char:3
+   & $NODE_EXE $NPX_CLI_JS $args
+   ~~~~~~~~~~~~~~~~~~~~~~~~~~~~~
    + CategoryInfo          : NotSpecified: (FAIL test/parser.test.ts:String) [], RemoteExcept 
   ion
    + FullyQualifiedErrorId : NativeCommandError
 
  Timestamp Parser
    ΓêÜ parses standard timestamps correctly (57 ms)
    ├ù handles empty lines between timestamps (5 ms)

  ΓùÅ Timestamp Parser ΓÇ║ handles empty lines between timestamps

    expect(received).toBe(expected) // Object.is equality

    Expected: "Line 1"
    Received: "Line"

    [0m [90m 28 |[39m     
     [90m 29 |[39m     expect(result)[33m.[39mtoHaveLength([35m2[39m)[33m;[39m
    [31m[1m>[22m[39m[90m 30 |[39m     
expect(result[[35m0[39m][33m.[39mtext)[33m.[39mtoBe([32m'Line 1'[39m)[33m;[39m
     [90m    |[39m                            [31m[1m^[22m[39m
     [90m 31 |[39m     expect(result[[35m1[39m][33m.[39mtext)[33m.[39mtoBe([32m'Line 
2'[39m)[33m;[39m
     [90m 32 |[39m   })[33m;[39m
     [90m 33 |[39m })[33m;[39m[0m

      at Object.<anonymous> (test/parser.test.ts:30:28)

Test Suites: 1 failed, 1 total
Tests:       1 failed, 1 passed, 2 total
Snapshots:   0 total
Time:        3.274 s, estimated 6 s
Ran all test suites matching test/parser.test.ts.
