scripts/test_whisper_parsing.ts(2,32): error TS2307: Cannot find module '../src/services/whisperService' or its corresponding type declarations.
src/screens/YoutubeBrowserScreen.tsx(182,5): error TS2322: Type '({ scale: number; translateY?: undefined; } | { translateY: number; scale?: undefined; })[]' is not assignable to type 'string | readonly (({ scale: AnimatableNumericValue; } & { rotate?: never; perspective?: never; rotateX?: never; rotateY?: never; rotateZ?: never; scaleX?: never; scaleY?: never; ... 4 more ...; matrix?: never; }) | ... 11 more ... | ({ ...; } & { ...; }))[]'.
  Type '({ scale: number; translateY?: undefined; } | { translateY: number; scale?: undefined; })[]' is not assignable to type 'readonly (({ scale: AnimatableNumericValue; } & { rotate?: never; perspective?: never; rotateX?: never; rotateY?: never; rotateZ?: never; scaleX?: never; scaleY?: never; translateX?: never; translateY?: never; skewX?: never; skewY?: never; matrix?: never; }) | ... 11 more ... | ({ ...; } & { ...; }))[]'.
    Type '{ scale: number; translateY?: undefined; } | { translateY: number; scale?: undefined; }' is not assignable to type '({ scale: AnimatableNumericValue; } & { rotate?: never; perspective?: never; rotateX?: never; rotateY?: never; rotateZ?: never; scaleX?: never; scaleY?: never; translateX?: never; translateY?: never; skewX?: never; skewY?: never; matrix?: never; }) | ... 11 more ... | ({ ...; } & { ...; })'.
      Type '{ scale: number; translateY?: undefined; }' is not assignable to type '({ scale: AnimatableNumericValue; } & { rotate?: never; perspective?: never; rotateX?: never; rotateY?: never; rotateZ?: never; scaleX?: never; scaleY?: never; translateX?: never; translateY?: never; skewX?: never; skewY?: never; matrix?: never; }) | ... 11 more ... | ({ ...; } & { ...; })'.
        Type '{ scale: number; translateY?: undefined; }' is not assignable to type '{ matrix: AnimatableNumericValue[]; } & { scale?: never; rotate?: never; perspective?: never; rotateX?: never; rotateY?: never; rotateZ?: never; scaleX?: never; scaleY?: never; translateX?: never; translateY?: never; skewX?: never; skewY?: never; }'.
          Property 'matrix' is missing in type '{ scale: number; translateY?: undefined; }' but required in type '{ matrix: AnimatableNumericValue[]; }'.
src/widget/SongWidget.tsx(39,13): error TS2322: Type 'string' is not assignable to type 'ImageWidgetSource'.
src/widget/SongWidget.tsx(62,13): error TS2353: Object literal may only specify known properties, and 'position' does not exist in type 'FlexWidgetStyle'.
src/widget/SongWidget.tsx(88,13): error TS2353: Object literal may only specify known properties, and 'maxLines' does not exist in type 'TextWidgetStyle'.
src/widget/SongWidget.tsx(97,13): error TS2353: Object literal may only specify known properties, and 'maxLines' does not exist in type 'TextWidgetStyle'.
src/widget/SongWidget.tsx(103,104): error TS2353: Object literal may only specify known properties, and 'gap' does not exist in type 'FlexWidgetStyle'.
